skills/remotion-best-practices/rules/assets/charts-bar-chart.tsx(1,24): error TS2307: Cannot find module '@remotion/google-fonts/Inter' or its corresponding type declarations.
skills/remotion-best-practices/rules/assets/text-animations-word-highlight.tsx(1,24): error TS2307: Cannot find module '@remotion/google-fonts/Inter' or its corresponding type declarations.
